// Jest Snapshot v1, https://goo.gl/fbAQLP

exports[`About snapshot renders 1`] = `
<div>
  <h1
    className="title is-1"
  >
    About This Project
  </h1>
  <hr />
  <br />
  <p>
    REST API Final Project
  </p>
</div>
`;
