// Jest Snapshot v1, https://goo.gl/fbAQLP

exports[`Navbar snapshot renders 1`] = `
<nav
  aria-label="main navigation"
  className="navbar is-dark"
  role="navigation"
>
  <section
    className="container"
  >
    <div
      className="navbar-brand"
    >
      <strong
        className="navbar-item"
      >
        Code Bites
      </strong>
      <span
        className="nav-toggle navbar-burger"
        onClick={[Function]}
      >
        <span />
        <span />
        <span />
      </span>
    </div>
    <div
      className="navbar-menu"
    >
      <div
        className="navbar-start"
      >
        <a
          className="navbar-item"
          href="/"
          onClick={[Function]}
        >
          Home
        </a>
        <a
          className="navbar-item"
          href="/about"
          onClick={[Function]}
        >
          About
        </a>
        <a
          className="navbar-item"
          href="/me"
          onClick={[Function]}
        >
          Profile
        </a>
      </div>
      <div
        className="navbar-end"
      >
        <a
          className="navbar-item"
          href="/register"
          onClick={[Function]}
        >
          Register
        </a>
        <a
          className="navbar-item"
          href="/login"
          onClick={[Function]}
        >
          Login
        </a>
        <a
          className="navbar-item"
          href="/logout"
          onClick={[Function]}
        >
          Logout
        </a>
      </div>
    </div>
  </section>
</nav>
`;
