// Jest Snapshot v1, https://goo.gl/fbAQLP

exports[`Signout renders a snapshot 1`] = `
<div>
  <p>
    Signed Out. 
    <a
      href="/login"
      onClick={[Function]}
    >
      Login.
    </a>
  </p>
</div>
`;
